\BOOKMARK [1][-]{section.1}{\376\377\133\236\232\214\166\356\166\204}{}% 1
\BOOKMARK [1][-]{section.2}{\376\377\174\373\176\337\152\041\127\213\116\016\213\304\116\367\143\007\150\007}{}% 2
\BOOKMARK [2][-]{subsection.2.1}{\376\377\000M\000I\000M\000O\040\023\000O\000F\000D\000M\000\040\133\374\230\221\211\302\155\113\152\041\127\213}{section.2}% 3
\BOOKMARK [2][-]{subsection.2.2}{\376\377\117\341\220\123\152\041\127\213}{section.2}% 4
\BOOKMARK [2][-]{subsection.2.3}{\376\377\117\040\176\337\117\060\213\241\126\150}{section.2}% 5
\BOOKMARK [2][-]{subsection.2.4}{\376\377\155\361\136\246\153\213\135\356\117\060\213\241\126\150}{section.2}% 6
\BOOKMARK [1][-]{section.3}{\376\377\133\236\232\214\213\276\177\156}{}% 7
\BOOKMARK [1][-]{section.4}{\376\377\133\236\232\214\176\323\147\234\116\016\122\006\147\220}{}% 8
\BOOKMARK [2][-]{subsection.4.1}{\376\377\116\015\124\014\000\040\000S\000N\000R\000\040\116\013\166\204\117\060\213\241\140\047\200\375}{section.4}% 9
\BOOKMARK [2][-]{subsection.4.2}{\376\377\000C\000N\000N\060\001\000L\000S\000T\000M\000\040\116\016\000\040\000T\000r\000a\000n\000s\000f\000o\000r\000m\000e\000r\000\040\147\266\147\204\133\371\153\324}{section.4}% 10
\BOOKMARK [2][-]{subsection.4.3}{\376\377\117\341\220\123\176\323\147\204\155\210\207\215\133\236\232\214}{section.4}% 11
\BOOKMARK [2][-]{subsection.4.4}{\376\377\176\337\116\000\147\266\147\204\133\236\232\214\166\204\117\341\220\123\221\315\147\204\116\016\153\213\135\356\213\312\145\255}{section.4}% 12
\BOOKMARK [2][-]{subsection.4.5}{\376\377\162\354\172\313\000\040\000R\000a\000y\000l\000e\000i\000g\000h\000\040\117\341\220\123\166\204\133\214\145\164\126\376\120\317\167\351\226\065}{section.4}% 13
\BOOKMARK [2][-]{subsection.4.6}{\376\377\166\370\121\163\131\032\137\204\117\341\220\123\166\204\133\214\145\164\126\376\120\317\167\351\226\065}{section.4}% 14
\BOOKMARK [1][-]{section.5}{\376\377\145\071\217\333\116\016\143\320\232\330}{}% 15
\BOOKMARK [2][-]{subsection.5.1}{\376\377\130\236\137\072\153\213\135\356\000\040\000C\000N\000N}{section.5}% 16
\BOOKMARK [2][-]{subsection.5.2}{\376\377\127\372\116\216\147\011\226\120\145\366\136\366\142\151\134\125\166\204\162\151\164\006\137\025\133\374\143\320\232\330}{section.5}% 17
\BOOKMARK [1][-]{section.6}{\376\377\213\250\213\272\116\016\133\236\232\214\134\100\226\120}{}% 18
\BOOKMARK [1][-]{section.7}{\376\377\176\323\213\272}{}% 19
\BOOKMARK [1][-]{appendix.A}{\376\377\131\015\163\260\133\236\232\214}{}% 20
